
48. Printing statistics.

=== clb_tile ===

   Number of wires:               7326
   Number of wire bits:           7418
   Number of public wires:        2004
   Number of public wire bits:    2096
   Number of memories:               0
   Number of memory bits:            0
   Number of processes:              0
   Number of cells:               8190
     sky130_fd_sc_hd__a2111o_4       1
     sky130_fd_sc_hd__a211o_4       75
     sky130_fd_sc_hd__a21bo_4        2
     sky130_fd_sc_hd__a21boi_4       1
     sky130_fd_sc_hd__a21o_4       184
     sky130_fd_sc_hd__a21oi_4        6
     sky130_fd_sc_hd__a2bb2o_4       1
     sky130_fd_sc_hd__a32o_4         2
     sky130_fd_sc_hd__and2_4       249
     sky130_fd_sc_hd__and3_4      1070
     sky130_fd_sc_hd__buf_2        539
     sky130_fd_sc_hd__dfxtp_4     1232
     sky130_fd_sc_hd__dlxtp_1      840
     sky130_fd_sc_hd__ebufn_4      840
     sky130_fd_sc_hd__inv_2        951
     sky130_fd_sc_hd__nand2_4        3
     sky130_fd_sc_hd__nor2_4        33
     sky130_fd_sc_hd__nor3_4         3
     sky130_fd_sc_hd__o21a_4         3
     sky130_fd_sc_hd__o21ai_4        1
     sky130_fd_sc_hd__o22a_4         2
     sky130_fd_sc_hd__o41a_4         1
     sky130_fd_sc_hd__or2_4       2087
     sky130_fd_sc_hd__or3_4         10
     sky130_fd_sc_hd__or4_4          2
     sky130_fd_sc_hd__xnor2_4        2
     sky130_fd_sc_hd__xor2_4         2
     transmission_gate_cell         48

   Area for cell type \transmission_gate_cell is unknown!

   Chip area for module '\clb_tile': 99465.395200

